1     	 0000				.extern _history_global
2     	 0000					.extern _p_state_global
3     	 0000				    .extern _coeffs
4     	 0000				    .extern _n_coeff
5     	 0000					.public _fir_circular
6     						
7     						    .code ovly
7      >> start of macro: .code
1+    									seg_single , "CODE", CODE
1+     >> start of macro: seg_single
1+    						  .if ( "" != "" ) & defined( ___SegStart_CODE_ )
2+    						    segment
3+    						  .else
4+    						    segment "CODE"
5+    							.if "" != ""
6+    						___SegStart_CODE_
7+    							.endif
8+    						  .endif
9+    							#RememberSegmentType
10+    >> end of macro: seg_single
2+     >> end of macro: .code
8     						
9     						
10    	 0000				_fir_circular:			/* LN: 141 | CYCLE: 0 | RULES: () */ 
11    	 0000	 BB540007		xmem[i7] = i7			# LN: 141 | 
12    	 0001	 020F7FFF		i7 += 1			# LN: 141 | 
13    	 0002	 87750009		i7 = i7 + (0x9)			# LN: 141 | 
14    	 0003	 90750001		i0 = i7 - (0x1)			# LN: 141 | 
15    	 0004	 98540000		xmem[i0] = a0h			# LN: 141 | 
16    	 0005	 90750002		i0 = i7 - (0x2)			# LN: 141 | 
17    	 0006	 99540000		xmem[i0] = a1h			# LN: 141 | 
18    	 0007				cline_141_0:			/* LN: 145 | CYCLE: 0 | RULES: () */ 
19    	 0007	 90750002		i0 = i7 - (0x2)			# LN: 145 | 
20    	 0008	 88140000		a0 = xmem[i0]			# LN: 145 | 
21    	 0009	 00004F80		a0 = a0 << 8			# LN: 145 | 
22    	 000A	 00004E40		a0 = a0 >> 1			# LN: 145 | 
23    	 000B	 907A0000		a0l = (0x0)			# LN: 145 | 
24    	 000C	 48707FFF		i0 = a0			# LN: 145 | 
25    	 000D	 91750003		i1 = i7 - (0x3)			# LN: 145 | 
26    	 000E	 80050000		i0 = i0 + (_history_global + 0)			# LN: 145 | 
27    	 000F	 B0540001		xmem[i1] = i0			# LN: 145 | 
28    	 0010				cline_145_0:			/* LN: 146 | CYCLE: 0 | RULES: () */ 
29    	 0010	 90750002		i0 = i7 - (0x2)			# LN: 146 | 
30    	 0011	 88140000		a0 = xmem[i0]			# LN: 146 | 
31    	 0012	 48707FFF		i0 = a0			# LN: 146 | 
32    	 0013	 91750004		i1 = i7 - (0x4)			# LN: 146 | 
33    	 0014	 80050000		i0 = i0 + (_p_state_global + 0)			# LN: 146 | 
34    	 0015	 B0540001		xmem[i1] = i0			# LN: 146 | 
35    	 0016				cline_146_0:			/* LN: 152 | CYCLE: 0 | RULES: () */ 
36    	 0016	 90750003		i0 = i7 - (0x3)			# LN: 152 | 
37    	 0017	 88140000		a0 = xmem[i0]			# LN: 152 | 
38    	 0018	 90750005		i0 = i7 - (0x5)			# LN: 152 | 
39    	 0019	 88540000		xmem[i0] = a0			# LN: 152 | 
40    	 001A				cline_152_0:			/* LN: 153 | CYCLE: 0 | RULES: () */ 
41    	 001A	 90750006		i0 = i7 - (0x6)			# LN: 153 | 
42    	 001B	 884A0000		uhalfword(a0) = (_coeffs + 0)			# LN: 153 | 
43    	 001C	 88540000		xmem[i0] = a0			# LN: 153 | 
44    	 001D				cline_153_0:			/* LN: 155 | CYCLE: 0 | RULES: () */ 
45    	 001D	 90750004		i0 = i7 - (0x4)			# LN: 155 | 
46    	 001E	 B0140000		i0 = xmem[i0]			# LN: 155 | 
47    	 001F	 91750007		i1 = i7 - (0x7)			# LN: 155 | 
48    	 0020	 88140000		a0 = xmem[i0]			# LN: 155 | 
49    	 0021	 98540001		xmem[i1] = a0h			# LN: 155 | 
50    	 0022				cline_155_0:			/* LN: 160 | CYCLE: 0 | RULES: () */ 
51    	 0022	 90750007		i0 = i7 - (0x7)			# LN: 160 | 
52    	 0023	 88140000		a0 = xmem[i0]			# LN: 160 | 
53    	 0024	 90750005		i0 = i7 - (0x5)			# LN: 160 | 
54    	 0025	 89140000		a1 = xmem[i0]			# LN: 160 | 
55    	 0026	 00004480		a0 = a1 + a0			# LN: 160 | 
56    	 0027	 98090030		AnyReg(i0, a0h)			# LN: 160 | 
57    	 0028	 91750005		i1 = i7 - (0x5)			# LN: 160 | 
58    	 0029	 B0540001		xmem[i1] = i0			# LN: 160 | 
59    	 002A				cline_160_0:			/* LN: 161 | CYCLE: 0 | RULES: () */ 
60    	 002A	 90750001		i0 = i7 - (0x1)			# LN: 161 | 
61    	 002B	 91750005		i1 = i7 - (0x5)			# LN: 161 | 
62    	 002C	 B1140001		i1 = xmem[i1]			# LN: 161 | 
63    	 002D	 88140000		a0 = xmem[i0]			# LN: 161 | 
64    	 002E	 98540001		xmem[i1] = a0h			# LN: 161 | 
65    	 002F				cline_161_0:			/* LN: 163 | CYCLE: 0 | RULES: () */ 
66    	 002F	 90750007		i0 = i7 - (0x7)			# LN: 163 | 
67    	 0030	 88140000		a0 = xmem[i0]			# LN: 163 | 
68    	 0031	 894A0001		uhalfword(a1) = (0x1)			# LN: 163 | 
69    	 0032	 00004408		a0 = a0 + a1			# LN: 163 | 
70    	 0033	 90750007		i0 = i7 - (0x7)			# LN: 163 | 
71    	 0034	 98540000		xmem[i0] = a0h			# LN: 163 | 
72    	 0035	 90750007		i0 = i7 - (0x7)			# LN: 163 | 
73    	 0036	 88140000		a0 = xmem[i0]			# LN: 163 | 
74    	 0037	 894A0080		uhalfword(a1) = (0x80)			# LN: 163 | 
75    	 0038	 00004448		a0 = a0 - a1			# LN: 163 | 
76    	 0039	 8488003E		if (a < 0) jmp (else_0)			# LN: 163 | 
77    	 003A				cline_163_0:			/* LN: 166 | CYCLE: 0 | RULES: () */ 
78    	 003A	 90750007		i0 = i7 - (0x7)			# LN: 166 | 
79    	 003B	 00004DC0		a0 = 0			# LN: 166 | 
80    	 003C	 98540000		xmem[i0] = a0h			# LN: 166 | 
81    	 003D	 8008003E		jmp (endif_0)			# LN: 166 | 
82    	 003E				cline_166_0:			/* LN: 170 | CYCLE: 0 | RULES: () */ 
83    	 003E				endif_0:			/* LN: 163 | CYCLE: 0 | RULES: () */ 
84    	 003E				else_0:			/* LN: 163 | CYCLE: 0 | RULES: () */ 
85    	 003E	 90750008		i0 = i7 - (0x8)			# LN: 170 | 
86    	 003F	 00004DC0		a0 = 0			# LN: 170 | 
87    	 0040	 98540000		xmem[i0] = a0h			# LN: 170 | 
88    	 0041				cline_170_0:			/* LN: 173 | CYCLE: 0 | RULES: () */ 
89    	 0041	 90750006		i0 = i7 - (0x6)			# LN: 173 | 
90    	 0042	 884A0000		uhalfword(a0) = (_coeffs + 127)			# LN: 173 | 
91    	 0043	 88540000		xmem[i0] = a0			# LN: 173 | 
92    	 0044				cline_173_0:			/* LN: 174 | CYCLE: 0 | RULES: () */ 
93    	 0044	 90750009		i0 = i7 - (0x9)			# LN: 174 | 
94    	 0045	 00004DC0		a0 = 0			# LN: 174 | 
95    	 0046	 98540000		xmem[i0] = a0h			# LN: 174 | 
96    	 0047	 88000074		do (0x80), label_end_92			# LN: 174 | 
97    	 0048				cline_174_0:			/* LN: 176 | CYCLE: 0 | RULES: () */ 
98    	 0048				label_begin_92:			/* LN: 174 | CYCLE: 0 | RULES: () */ 
99    	 0048	 90750007		i0 = i7 - (0x7)			# LN: 176 | 
100   	 0049	 88140000		a0 = xmem[i0]			# LN: 176 | 
101   	 004A	 90750003		i0 = i7 - (0x3)			# LN: 176 | 
102   	 004B	 89140000		a1 = xmem[i0]			# LN: 176 | 
103   	 004C	 00004480		a0 = a1 + a0			# LN: 176 | 
104   	 004D	 98090030		AnyReg(i0, a0h)			# LN: 176 | 
105   	 004E	 91750005		i1 = i7 - (0x5)			# LN: 176 | 
106   	 004F	 B0540001		xmem[i1] = i0			# LN: 176 | 
107   	 0050				cline_176_0:			/* LN: 177 | CYCLE: 0 | RULES: () */ 
108   	 0050	 90750006		i0 = i7 - (0x6)			# LN: 177 | 
109   	 0051	 B0140000		i0 = xmem[i0]			# LN: 177 | 
110   	 0052	 91750005		i1 = i7 - (0x5)			# LN: 177 | 
111   	 0053	 80940000		x0 = ymem[i0]			# LN: 177 | 
112   	 0054	 B0140001		i0 = xmem[i1]			# LN: 177 | 
113   	 0055	 91750008		i1 = i7 - (0x8)			# LN: 177 | 
114   	 0056	 88140001		a0 = xmem[i1]			# LN: 177 | 
115   	 0057	 81140000		x1 = xmem[i0]			# LN: 177 | 
116   	 0058	 00002088		a0 += x0 * x1			# LN: 177 | 
117   	 0059	 90750008		i0 = i7 - (0x8)			# LN: 177 | 
118   	 005A	 98540000		xmem[i0] = a0h			# LN: 177 | 
119   	 005B				cline_177_0:			/* LN: 179 | CYCLE: 0 | RULES: () */ 
120   	 005B	 90750007		i0 = i7 - (0x7)			# LN: 179 | 
121   	 005C	 88140000		a0 = xmem[i0]			# LN: 179 | 
122   	 005D	 894A0001		uhalfword(a1) = (0x1)			# LN: 179 | 
123   	 005E	 00004408		a0 = a0 + a1			# LN: 179 | 
124   	 005F	 90750007		i0 = i7 - (0x7)			# LN: 179 | 
125   	 0060	 98540000		xmem[i0] = a0h			# LN: 179 | 
126   	 0061	 90750007		i0 = i7 - (0x7)			# LN: 179 | 
127   	 0062	 88140000		a0 = xmem[i0]			# LN: 179 | 
128   	 0063	 894A0080		uhalfword(a1) = (0x80)			# LN: 179 | 
129   	 0064	 00004448		a0 = a0 - a1			# LN: 179 | 
130   	 0065	 8488006A		if (a < 0) jmp (else_1)			# LN: 179 | 
131   	 0066				cline_179_0:			/* LN: 181 | CYCLE: 0 | RULES: () */ 
132   	 0066	 90750007		i0 = i7 - (0x7)			# LN: 181 | 
133   	 0067	 00004DC0		a0 = 0			# LN: 181 | 
134   	 0068	 98540000		xmem[i0] = a0h			# LN: 181 | 
135   	 0069	 8008006A		jmp (endif_1)			# LN: 181 | 
136   	 006A				cline_181_0:			/* LN: 184 | CYCLE: 0 | RULES: () */ 
137   	 006A				endif_1:			/* LN: 179 | CYCLE: 0 | RULES: () */ 
138   	 006A				else_1:			/* LN: 179 | CYCLE: 0 | RULES: () */ 
139   	 006A	 90750006		i0 = i7 - (0x6)			# LN: 184 | 
140   	 006B	 B0140000		i0 = xmem[i0]			# LN: 184 | 
141   	 006C	 91750006		i1 = i7 - (0x6)			# LN: 184 | 
142   	 006D	 02107FFF		i0 -= 1			# LN: 184 | 
143   	 006E	 B0540001		xmem[i1] = i0			# LN: 184 | 
144   	 006F				cline_184_0:			/* LN: 174 | CYCLE: 0 | RULES: () */ 
145   	 006F				init_latch_label_0:			/* LN: 186 | CYCLE: 0 | RULES: () */ 
146   	 006F	 90750009		i0 = i7 - (0x9)			# LN: 174 | 
147   	 0070	 88140000		a0 = xmem[i0]			# LN: 174 | 
148   	 0071	 894A0001		uhalfword(a1) = (0x1)			# LN: 174 | 
149   	 0072	 00004408		a0 = a0 + a1			# LN: 174 | 
150   	 0073	 90750009		i0 = i7 - (0x9)			# LN: 174 | 
151   	 0074				label_end_92:			# LN: 174 | CYCLE: 5 | RULES: ()
152   	 0074	 98540000		xmem[i0] = a0h			# LN: 174 | 
153   	 0075				cline_174_1:			/* LN: 189 | CYCLE: 0 | RULES: () */ 
154   	 0075				for_end_0:			/* LN: 174 | CYCLE: 0 | RULES: () */ 
155   	 0075	 90750007		i0 = i7 - (0x7)			# LN: 189 | 
156   	 0076	 91750004		i1 = i7 - (0x4)			# LN: 189 | 
157   	 0077	 B1140001		i1 = xmem[i1]			# LN: 189 | 
158   	 0078	 88140000		a0 = xmem[i0]			# LN: 189 | 
159   	 0079	 98540001		xmem[i1] = a0h			# LN: 189 | 
160   	 007A				cline_189_0:			/* LN: 192 | CYCLE: 0 | RULES: () */ 
161   	 007A	 90750008		i0 = i7 - (0x8)			# LN: 192 | 
162   	 007B	 88140000		a0 = xmem[i0]			# LN: 192 | 
163   	 007C	 8008007D		jmp (__epilogue_212)			# LN: 192 | 
164   	 007D				cline_192_0:			/* LN: 196 | CYCLE: 0 | RULES: () */ 
165   	 007D				__epilogue_212:			/* LN: 196 | CYCLE: 0 | RULES: () */ 
166   	 007D	 97750009		i7 = i7 - (0x9)			# LN: 196 | 
167   	 007E	 02177FFF		i7 -= 1			# LN: 196 | 
168   	 007F	 81880000		ret			# LN: 196 | 
169   						
170   							
171   							
172   						
173   						
174   							
175   						
176   						
177   						
178   						
179   						
180   						
181   						
182   						
183   						
184   						
185   						
186   						
187   						
188   						
189   						
190   						
191   						
192   						
193   						
194   						
195   						
196   						
197   						
198   						
199   						
200   						
201   						
202   						
203   						
204   						
205   						   
				 SYMBOL TABLE 

    Name                                                                                    Type                  Value 

_COMMON_INC_PATH_                                                               					 Define                 "C:/CirrusDSP/crystal32/common/inc/"
_DSP_                                                                           					 Define                 "a"
_LOCAL_INC_PATH_                                                                					 Define                 "inc/"
_LOCAL_SRC_PATH_                                                                					 Define                 "src/"
_MUI_VERSION_                                                                   					 Define                 "020000"
_OVLY_                                                                          					 Define                 "standalone"
_OVLY_REVISION_                                                                 					 Define                 "020000"
_ROUTER_INC_PATH_                                                               					 Define                 "rom_inc/"
_SLOT_                                                                          					 Define                 "0"
_TARGET_FAMILY_                                                                 					 Define                 "crystal32"
_TOOLS_VERSION_                                                                 					 Define                 "0x0701"
_VERSION_                                                                       					 Define                 "00"
__CASM_VER__                                                                    			  Unused Variable		        0 (701H)
__epilogue_212                                                                  			         Relocatable         common_GEN_0000:007DH
_coeffs                                                                         					 External   
_fir_circular                                                                   			  Public Relocatable       common_GEN_0000:0000H
_history_global                                                                 					 External   
_n_coeff                                                                        					 External   
_p_state_global                                                                 					 External   
cline_141_0                                                                     			  Unused Relocatable        common_GEN_0000:0007H
cline_145_0                                                                     			  Unused Relocatable        common_GEN_0000:0010H
cline_146_0                                                                     			  Unused Relocatable        common_GEN_0000:0016H
cline_152_0                                                                     			  Unused Relocatable        common_GEN_0000:001AH
cline_153_0                                                                     			  Unused Relocatable        common_GEN_0000:001DH
cline_155_0                                                                     			  Unused Relocatable        common_GEN_0000:0022H
cline_160_0                                                                     			  Unused Relocatable        common_GEN_0000:002AH
cline_161_0                                                                     			  Unused Relocatable        common_GEN_0000:002FH
cline_163_0                                                                     			  Unused Relocatable        common_GEN_0000:003AH
cline_166_0                                                                     			  Unused Relocatable        common_GEN_0000:003EH
cline_170_0                                                                     			  Unused Relocatable        common_GEN_0000:0041H
cline_173_0                                                                     			  Unused Relocatable        common_GEN_0000:0044H
cline_174_0                                                                     			  Unused Relocatable        common_GEN_0000:0048H
cline_174_1                                                                     			  Unused Relocatable        common_GEN_0000:0075H
cline_176_0                                                                     			  Unused Relocatable        common_GEN_0000:0050H
cline_177_0                                                                     			  Unused Relocatable        common_GEN_0000:005BH
cline_179_0                                                                     			  Unused Relocatable        common_GEN_0000:0066H
cline_181_0                                                                     			  Unused Relocatable        common_GEN_0000:006AH
cline_184_0                                                                     			  Unused Relocatable        common_GEN_0000:006FH
cline_189_0                                                                     			  Unused Relocatable        common_GEN_0000:007AH
cline_192_0                                                                     			  Unused Relocatable        common_GEN_0000:007DH
else_0                                                                          			         Relocatable         common_GEN_0000:003EH
else_1                                                                          			         Relocatable         common_GEN_0000:006AH
endif_0                                                                         			         Relocatable         common_GEN_0000:003EH
endif_1                                                                         			         Relocatable         common_GEN_0000:006AH
for_end_0                                                                       			  Unused Relocatable        common_GEN_0000:0075H
init_latch_label_0                                                              			  Unused Relocatable        common_GEN_0000:006FH
label_begin_92                                                                  			  Unused Relocatable        common_GEN_0000:0048H
label_end_92                                                                    			         Relocatable         common_GEN_0000:0074H

	       SEGMENTS:

Size			  Name										 Class
0000H	 __INIT                                  			 CODE                                    
0080H	 common_GEN_0000                         			 CODE                                    
